../Drivers/Device_Drivers/HD44780_LCD/../../ARM_Drivers/Delay_Micros/dwt_stm32_delay.h:22:22:DWT_Delay_us	24	static
../Drivers/Device_Drivers/HD44780_LCD/HD44780_LCD.c:75:13:usDelay	16	static
../Drivers/Device_Drivers/HD44780_LCD/HD44780_LCD.c:80:13:Write_HalfByte	16	static
../Drivers/Device_Drivers/HD44780_LCD/HD44780_LCD.c:85:13:RS_SET	16	static
../Drivers/Device_Drivers/HD44780_LCD/HD44780_LCD.c:89:13:EN_SET	16	static
../Drivers/Device_Drivers/HD44780_LCD/HD44780_LCD.c:93:13:Alcd_Init_GPIO	32	static
../Drivers/Device_Drivers/HD44780_LCD/HD44780_LCD.c:107:20:Alcd_SendByte	16	static
../Drivers/Device_Drivers/HD44780_LCD/HD44780_LCD.c:119:6:Alcd_Init	24	static
../Drivers/Device_Drivers/HD44780_LCD/HD44780_LCD.c:160:6:Alcd_CursorAt	16	static
../Drivers/Device_Drivers/HD44780_LCD/HD44780_LCD.c:164:6:Alcd_Put_n	32	static
../Drivers/Device_Drivers/HD44780_LCD/HD44780_LCD.c:170:6:Alcd_PutAt_n	24	static
../Drivers/Device_Drivers/HD44780_LCD/HD44780_LCD.c:176:6:Alcd_Home	16	static
../Drivers/Device_Drivers/HD44780_LCD/HD44780_LCD.c:181:6:Alcd_Clear	16	static
../Drivers/Device_Drivers/HD44780_LCD/HD44780_LCD.c:186:6:Alcd_Display_Control	16	static
../Drivers/Device_Drivers/HD44780_LCD/HD44780_LCD.c:202:6:Alcd_CreateChar	32	static
../Drivers/Device_Drivers/HD44780_LCD/HD44780_LCD.c:212:6:Alcd_PutChar	16	static
../Drivers/Device_Drivers/HD44780_LCD/HD44780_LCD.c:216:5:Str_Len	24	static
